Found 8 test(s).
System check identified no issues (0 silenced).
